#
# There is insufficient memory for the Java Runtime Environment to continue.
# Native memory allocation (malloc) failed to allocate 1830944 bytes for Chunk::new
# Possible reasons:
#   The system is out of physical RAM or swap space
#   The process is running with CompressedOops enabled, and the Java Heap may be blocking the growth of the native heap
# Possible solutions:
#   Reduce memory load on the system
#   Increase physical memory or swap space
#   Check if swap backing store is full
#   Decrease Java heap size (-Xmx/-Xms)
#   Decrease number of Java threads
#   Decrease Java thread stack sizes (-Xss)
#   Set larger code cache with -XX:ReservedCodeCacheSize=
#   JVM is running with Zero Based Compressed Oops mode in which the Java heap is
#     placed in the first 32GB address space. The Java Heap base address is the
#     maximum limit for the native heap growth. Please use -XX:HeapBaseMinAddress
#     to set the Java Heap base and to place the Java Heap above 32GB virtual address.
# This output file may be truncated or incomplete.
#
#  Out of Memory Error (arena.cpp:189), pid=12884, tid=11196
#
# JRE version: Java(TM) SE Runtime Environment (17.0.12+8) (build 17.0.12+8-LTS-286)
# Java VM: Java HotSpot(TM) 64-Bit Server VM (17.0.12+8-LTS-286, mixed mode, sharing, tiered, compressed oops, compressed class ptrs, g1 gc, windows-amd64)
# No core dump will be written. Minidumps are not enabled by default on client versions of Windows
#

---------------  S U M M A R Y ------------

Command Line: -Dfile.encoding=UTF-8 -Duser.country=KR -Duser.language=ko -Duser.variant com.boot.eumbank.EumbankApplication

Host: 13th Gen Intel(R) Core(TM) i7-13700, 24 cores, 31G,  Windows 11 , 64 bit Build 26100 (10.0.26100.6725)
Time: Tue Nov 11 12:54:02 2025  Windows 11 , 64 bit Build 26100 (10.0.26100.6725) elapsed time: 328.528796 seconds (0d 0h 5m 28s)

---------------  T H R E A D  ---------------

Current thread (0x0000013819adbd90):  JavaThread "C2 CompilerThread0" daemon [_thread_in_native, id=11196, stack(0x0000000d28d00000,0x0000000d28e00000)]


Current CompileTask:
C2: 328529 18446       4       org.hibernate.sql.results.graph.entity.internal.EntityInitializerImpl::<init> (1825 bytes)

Stack: [0x0000000d28d00000,0x0000000d28e00000]
Native frames: (J=compiled Java code, j=interpreted, Vv=VM code, C=native code)
V  [jvm.dll+0x67a04a]
V  [jvm.dll+0x7da4ed]
V  [jvm.dll+0x7dbe33]
V  [jvm.dll+0x7dc4a3]
V  [jvm.dll+0x24508f]
V  [jvm.dll+0xab773]
V  [jvm.dll+0xabd3c]
V  [jvm.dll+0x361bee]
V  [jvm.dll+0x1ba64a]
V  [jvm.dll+0x216997]
V  [jvm.dll+0x215c6f]
V  [jvm.dll+0x1a2960]
V  [jvm.dll+0x22610b]
V  [jvm.dll+0x2242ab]
V  [jvm.dll+0x79075c]
V  [jvm.dll+0x78abea]
V  [jvm.dll+0x678f35]
C  [ucrtbase.dll+0x37b0]
C  [KERNEL32.DLL+0x2e8d7]
C  [ntdll.dll+0x8c53c]


---------------  P R O C E S S  ---------------

Threads class SMR info:
_java_thread_list=0x000001386743d370, length=65, elements={
0x000001387fbad910, 0x000001387fbae3e0, 0x0000013819ad7710, 0x0000013819ad9ff0,
0x0000013819ada8c0, 0x0000013819adb190, 0x0000013819adbd90, 0x0000013819b0bfd0,
0x0000013819b0c8e0, 0x0000013819ca6520, 0x0000013819ca4bd0, 0x0000013819ca7960,
0x00000138684f9dd0, 0x00000138684fc650, 0x00000138684fcb60, 0x00000138684f6110,
0x00000138684fd070, 0x00000138684fc140, 0x00000138684fa7f0, 0x00000138684fad00,
0x00000138684fa2e0, 0x00000138684fb210, 0x00000138684fb720, 0x00000138684f98c0,
0x00000138684fbc30, 0x0000013819ca6a30, 0x0000013819ca55f0, 0x00000138621f22a0,
0x00000138621f2cc0, 0x00000138621f31d0, 0x00000138621f27b0, 0x00000138621f36e0,
0x00000138621f3bf0, 0x00000138621f5030, 0x00000138621f4100, 0x00000138621f4610,
0x00000138621f4b20, 0x00000138621f5540, 0x00000138621f1d90, 0x00000138621f5f60,
0x00000138621f6470, 0x00000138621f6980, 0x00000138621f6e90, 0x00000138621f78b0,
0x00000138621f73a0, 0x00000138621f9710, 0x0000013819ca6f40, 0x0000013819ca46c0,
0x0000013819ca7450, 0x00000138684f6620, 0x00000138684f7040, 0x0000013868e75a80,
0x0000013868e773d0, 0x0000013868e75570, 0x0000013868e77df0, 0x0000013868e78300,
0x0000013868e75f90, 0x0000013868e769b0, 0x0000013868e778e0, 0x0000013868e75060,
0x0000013819ca41b0, 0x00000138667ffc00, 0x0000013866800150, 0x00000138667fc6e0,
0x00000138668006a0
}

Java Threads: ( => current thread )
  0x000001387fbad910 JavaThread "Reference Handler" daemon [_thread_blocked, id=1744, stack(0x0000000d28700000,0x0000000d28800000)]
  0x000001387fbae3e0 JavaThread "Finalizer" daemon [_thread_blocked, id=22000, stack(0x0000000d28800000,0x0000000d28900000)]
  0x0000013819ad7710 JavaThread "Signal Dispatcher" daemon [_thread_blocked, id=18848, stack(0x0000000d28900000,0x0000000d28a00000)]
  0x0000013819ad9ff0 JavaThread "Attach Listener" daemon [_thread_blocked, id=18176, stack(0x0000000d28a00000,0x0000000d28b00000)]
  0x0000013819ada8c0 JavaThread "Service Thread" daemon [_thread_blocked, id=4612, stack(0x0000000d28b00000,0x0000000d28c00000)]
  0x0000013819adb190 JavaThread "Monitor Deflation Thread" daemon [_thread_blocked, id=24084, stack(0x0000000d28c00000,0x0000000d28d00000)]
=>0x0000013819adbd90 JavaThread "C2 CompilerThread0" daemon [_thread_in_native, id=11196, stack(0x0000000d28d00000,0x0000000d28e00000)]
  0x0000013819b0bfd0 JavaThread "C1 CompilerThread0" daemon [_thread_blocked, id=11400, stack(0x0000000d28e00000,0x0000000d28f00000)]
  0x0000013819b0c8e0 JavaThread "Sweeper thread" daemon [_thread_blocked, id=16208, stack(0x0000000d28f00000,0x0000000d29000000)]
  0x0000013819ca6520 JavaThread "Notification Thread" daemon [_thread_blocked, id=16332, stack(0x0000000d29100000,0x0000000d29200000)]
  0x0000013819ca4bd0 JavaThread "Common-Cleaner" daemon [_thread_blocked, id=20812, stack(0x0000000d29300000,0x0000000d29400000)]
  0x0000013819ca7960 JavaThread "HikariPool-1:housekeeper" daemon [_thread_blocked, id=13712, stack(0x0000000d2b400000,0x0000000d2b500000)]
  0x00000138684f9dd0 JavaThread "Catalina-utility-1" [_thread_blocked, id=12204, stack(0x0000000d2b700000,0x0000000d2b800000)]
  0x00000138684fc650 JavaThread "Catalina-utility-2" [_thread_blocked, id=23740, stack(0x0000000d2b800000,0x0000000d2b900000)]
  0x00000138684fcb60 JavaThread "container-0" [_thread_blocked, id=14756, stack(0x0000000d2b900000,0x0000000d2ba00000)]
  0x00000138684f6110 JavaThread "httpclient-main-1" daemon [_thread_blocked, id=3180, stack(0x0000000d2ba00000,0x0000000d2bb00000)]
  0x00000138684fd070 JavaThread "httpclient-dispatch-1" daemon [_thread_in_native, id=19988, stack(0x0000000d2bb00000,0x0000000d2bc00000)]
  0x00000138684fc140 JavaThread "httpclient-dispatch-2" daemon [_thread_in_native, id=26256, stack(0x0000000d2bc00000,0x0000000d2bd00000)]
  0x00000138684fa7f0 JavaThread "httpclient-dispatch-3" daemon [_thread_in_native, id=13384, stack(0x0000000d2bd00000,0x0000000d2be00000)]
  0x00000138684fad00 JavaThread "httpclient-dispatch-4" daemon [_thread_in_native, id=15244, stack(0x0000000d2be00000,0x0000000d2bf00000)]
  0x00000138684fa2e0 JavaThread "httpclient-dispatch-5" daemon [_thread_in_native, id=17676, stack(0x0000000d2bf00000,0x0000000d2c000000)]
  0x00000138684fb210 JavaThread "httpclient-dispatch-6" daemon [_thread_in_native, id=15448, stack(0x0000000d2c000000,0x0000000d2c100000)]
  0x00000138684fb720 JavaThread "httpclient-dispatch-7" daemon [_thread_in_native, id=10368, stack(0x0000000d2c100000,0x0000000d2c200000)]
  0x00000138684f98c0 JavaThread "httpclient-dispatch-8" daemon [_thread_in_native, id=3668, stack(0x0000000d2c200000,0x0000000d2c300000)]
  0x00000138684fbc30 JavaThread "httpclient-dispatch-9" daemon [_thread_in_native, id=5584, stack(0x0000000d2c300000,0x0000000d2c400000)]
  0x0000013819ca6a30 JavaThread "httpclient-dispatch-10" daemon [_thread_in_native, id=18400, stack(0x0000000d2c400000,0x0000000d2c500000)]
  0x0000013819ca55f0 JavaThread "httpclient-dispatch-11" daemon [_thread_in_native, id=18560, stack(0x0000000d2c500000,0x0000000d2c600000)]
  0x00000138621f22a0 JavaThread "httpclient-dispatch-12" daemon [_thread_in_native, id=12356, stack(0x0000000d2c600000,0x0000000d2c700000)]
  0x00000138621f2cc0 JavaThread "httpclient-dispatch-13" daemon [_thread_in_native, id=25088, stack(0x0000000d2c700000,0x0000000d2c800000)]
  0x00000138621f31d0 JavaThread "httpclient-dispatch-14" daemon [_thread_in_native, id=11432, stack(0x0000000d2c800000,0x0000000d2c900000)]
  0x00000138621f27b0 JavaThread "httpclient-dispatch-15" daemon [_thread_in_native, id=11548, stack(0x0000000d2c900000,0x0000000d2ca00000)]
  0x00000138621f36e0 JavaThread "httpclient-dispatch-16" daemon [_thread_in_native, id=8912, stack(0x0000000d2ca00000,0x0000000d2cb00000)]
  0x00000138621f3bf0 JavaThread "httpclient-dispatch-17" daemon [_thread_in_native, id=20032, stack(0x0000000d2cb00000,0x0000000d2cc00000)]
  0x00000138621f5030 JavaThread "httpclient-dispatch-18" daemon [_thread_in_native, id=22656, stack(0x0000000d2cc00000,0x0000000d2cd00000)]
  0x00000138621f4100 JavaThread "httpclient-dispatch-19" daemon [_thread_in_native, id=12768, stack(0x0000000d2cd00000,0x0000000d2ce00000)]
  0x00000138621f4610 JavaThread "httpclient-dispatch-20" daemon [_thread_in_native, id=21644, stack(0x0000000d2ce00000,0x0000000d2cf00000)]
  0x00000138621f4b20 JavaThread "httpclient-dispatch-21" daemon [_thread_in_native, id=25924, stack(0x0000000d2cf00000,0x0000000d2d000000)]
  0x00000138621f5540 JavaThread "httpclient-dispatch-22" daemon [_thread_in_native, id=1872, stack(0x0000000d2d000000,0x0000000d2d100000)]
  0x00000138621f1d90 JavaThread "httpclient-dispatch-23" daemon [_thread_in_native, id=11572, stack(0x0000000d2d100000,0x0000000d2d200000)]
  0x00000138621f5f60 JavaThread "httpclient-dispatch-24" daemon [_thread_in_native, id=5276, stack(0x0000000d2d200000,0x0000000d2d300000)]
  0x00000138621f6470 JavaThread "HttpClient-1-SelectorManager" daemon [_thread_in_native, id=22976, stack(0x0000000d29700000,0x0000000d29800000)]
  0x00000138621f6980 JavaThread "File Watcher" daemon [_thread_blocked, id=20524, stack(0x0000000d2de00000,0x0000000d2df00000)]
  0x00000138621f6e90 JavaThread "Live Reload Server" daemon [_thread_in_native, id=24800, stack(0x0000000d2e000000,0x0000000d2e100000)]
  0x00000138621f78b0 JavaThread "http-nio-8081-exec-1" daemon [_thread_blocked, id=24480, stack(0x0000000d2df00000,0x0000000d2e000000)]
  0x00000138621f73a0 JavaThread "http-nio-8081-exec-2" daemon [_thread_blocked, id=16264, stack(0x0000000d2e100000,0x0000000d2e200000)]
  0x00000138621f9710 JavaThread "http-nio-8081-exec-3" daemon [_thread_blocked, id=604, stack(0x0000000d2e200000,0x0000000d2e300000)]
  0x0000013819ca6f40 JavaThread "http-nio-8081-exec-4" daemon [_thread_blocked, id=7212, stack(0x0000000d2e300000,0x0000000d2e400000)]
  0x0000013819ca46c0 JavaThread "http-nio-8081-exec-5" daemon [_thread_blocked, id=5268, stack(0x0000000d2e400000,0x0000000d2e500000)]
  0x0000013819ca7450 JavaThread "http-nio-8081-exec-6" daemon [_thread_blocked, id=19136, stack(0x0000000d2e500000,0x0000000d2e600000)]
  0x00000138684f6620 JavaThread "http-nio-8081-exec-7" daemon [_thread_blocked, id=6296, stack(0x0000000d2e600000,0x0000000d2e700000)]
  0x00000138684f7040 JavaThread "http-nio-8081-exec-8" daemon [_thread_blocked, id=8088, stack(0x0000000d2e700000,0x0000000d2e800000)]
  0x0000013868e75a80 JavaThread "http-nio-8081-exec-9" daemon [_thread_blocked, id=17572, stack(0x0000000d2e800000,0x0000000d2e900000)]
  0x0000013868e773d0 JavaThread "http-nio-8081-exec-10" daemon [_thread_blocked, id=20220, stack(0x0000000d2e900000,0x0000000d2ea00000)]
  0x0000013868e75570 JavaThread "http-nio-8081-Poller" daemon [_thread_in_native, id=12504, stack(0x0000000d2ea00000,0x0000000d2eb00000)]
  0x0000013868e77df0 JavaThread "http-nio-8081-Acceptor" daemon [_thread_in_native, id=7996, stack(0x0000000d2eb00000,0x0000000d2ec00000)]
  0x0000013868e78300 JavaThread "scheduling-1" [_thread_blocked, id=23408, stack(0x0000000d2ec00000,0x0000000d2ed00000)]
  0x0000013868e75f90 JavaThread "DestroyJavaVM" [_thread_blocked, id=13788, stack(0x0000000d28000000,0x0000000d28100000)]
  0x0000013868e769b0 JavaThread "HttpClient-1-Worker-0" daemon [_thread_blocked, id=12852, stack(0x0000000d29000000,0x0000000d29100000)]
  0x0000013868e778e0 JavaThread "CompletableFutureDelayScheduler" daemon [_thread_blocked, id=22620, stack(0x0000000d29400000,0x0000000d29500000)]
  0x0000013868e75060 JavaThread "ForkJoinPool.commonPool-worker-1" daemon [_thread_blocked, id=18840, stack(0x0000000d29800000,0x0000000d29900000)]
  0x0000013819ca41b0 JavaThread "HttpClient-1-Worker-3" daemon [_thread_blocked, id=3640, stack(0x0000000d27d00000,0x0000000d27e00000)]
  0x00000138667ffc00 JavaThread "C1 CompilerThread1" daemon [_thread_blocked, id=17008, stack(0x0000000d29500000,0x0000000d29600000)]
  0x0000013866800150 JavaThread "C1 CompilerThread2" daemon [_thread_blocked, id=10660, stack(0x0000000d29600000,0x0000000d29700000)]
  0x00000138667fc6e0 JavaThread "C1 CompilerThread3" daemon [_thread_blocked, id=10884, stack(0x0000000d2a500000,0x0000000d2a600000)]
  0x00000138668006a0 JavaThread "C2 CompilerThread1" daemon [_thread_blocked, id=20240, stack(0x0000000d2a600000,0x0000000d2a700000)]

Other Threads:
  0x000001387fbaaf60 VMThread "VM Thread" [stack: 0x0000000d28600000,0x0000000d28700000] [id=4824]
  0x000001386c16ceb0 WatcherThread [stack: 0x0000000d29200000,0x0000000d29300000] [id=23900]
  0x000001386c14de70 GCTaskThread "GC Thread#0" [stack: 0x0000000d28100000,0x0000000d28200000] [id=12112]
  0x000001385f581fa0 GCTaskThread "GC Thread#1" [stack: 0x0000000d29a00000,0x0000000d29b00000] [id=20144]
  0x000001385fcd5830 GCTaskThread "GC Thread#2" [stack: 0x0000000d29b00000,0x0000000d29c00000] [id=16720]
  0x000001386078e810 GCTaskThread "GC Thread#3" [stack: 0x0000000d29c00000,0x0000000d29d00000] [id=13468]
  0x00000138606056d0 GCTaskThread "GC Thread#4" [stack: 0x0000000d29d00000,0x0000000d29e00000] [id=10848]
  0x0000013860605990 GCTaskThread "GC Thread#5" [stack: 0x0000000d29e00000,0x0000000d29f00000] [id=12172]
  0x0000013860605c50 GCTaskThread "GC Thread#6" [stack: 0x0000000d29f00000,0x0000000d2a000000] [id=25604]
  0x000001386105ebc0 GCTaskThread "GC Thread#7" [stack: 0x0000000d2a000000,0x0000000d2a100000] [id=3964]
  0x000001386105ee80 GCTaskThread "GC Thread#8" [stack: 0x0000000d2a100000,0x0000000d2a200000] [id=6744]
  0x000001386105f140 GCTaskThread "GC Thread#9" [stack: 0x0000000d2a200000,0x0000000d2a300000] [id=8552]
  0x000001386105f400 GCTaskThread "GC Thread#10" [stack: 0x0000000d2a300000,0x0000000d2a400000] [id=15400]
  0x00000138608f4a60 GCTaskThread "GC Thread#11" [stack: 0x0000000d2a400000,0x0000000d2a500000] [id=2112]
  0x00000138608f5820 GCTaskThread "GC Thread#12" [stack: 0x0000000d2a900000,0x0000000d2aa00000] [id=26328]
  0x00000138608f3ca0 GCTaskThread "GC Thread#13" [stack: 0x0000000d2aa00000,0x0000000d2ab00000] [id=19144]
  0x00000138608f3f60 GCTaskThread "GC Thread#14" [stack: 0x0000000d2ab00000,0x0000000d2ac00000] [id=24804]
  0x0000013861615b60 GCTaskThread "GC Thread#15" [stack: 0x0000000d2ac00000,0x0000000d2ad00000] [id=25188]
  0x0000013861612f60 GCTaskThread "GC Thread#16" [stack: 0x0000000d2ad00000,0x0000000d2ae00000] [id=19644]
  0x0000013861615320 GCTaskThread "GC Thread#17" [stack: 0x0000000d29900000,0x0000000d29a00000] [id=23628]
  0x000001386c0bb7a0 ConcurrentGCThread "G1 Main Marker" [stack: 0x0000000d28200000,0x0000000d28300000] [id=24412]
  0x000001386c15ff80 ConcurrentGCThread "G1 Conc#0" [stack: 0x0000000d28300000,0x0000000d28400000] [id=14624]
  0x0000013861612720 ConcurrentGCThread "G1 Conc#1" [stack: 0x0000000d2ae00000,0x0000000d2af00000] [id=17788]
  0x00000138616155e0 ConcurrentGCThread "G1 Conc#2" [stack: 0x0000000d2af00000,0x0000000d2b000000] [id=5408]
  0x0000013861614820 ConcurrentGCThread "G1 Conc#3" [stack: 0x0000000d2b000000,0x0000000d2b100000] [id=21744]
  0x0000013861613220 ConcurrentGCThread "G1 Conc#4" [stack: 0x0000000d2b100000,0x0000000d2b200000] [id=21392]
  0x000001387fae3b50 ConcurrentGCThread "G1 Refine#0" [stack: 0x0000000d28400000,0x0000000d28500000] [id=5364]
  0x0000013866299c60 ConcurrentGCThread "G1 Refine#1" [stack: 0x0000000d2d300000,0x0000000d2d400000] [id=10556]
  0x000001386629a530 ConcurrentGCThread "G1 Refine#2" [stack: 0x0000000d2d400000,0x0000000d2d500000] [id=14084]
  0x000001386629a820 ConcurrentGCThread "G1 Refine#3" [stack: 0x0000000d2d500000,0x0000000d2d600000] [id=9308]
  0x0000013866297f00 ConcurrentGCThread "G1 Refine#4" [stack: 0x0000000d2d600000,0x0000000d2d700000] [id=18876]
  0x0000013866298db0 ConcurrentGCThread "G1 Refine#5" [stack: 0x0000000d2d700000,0x0000000d2d800000] [id=18956]
  0x0000013866298ac0 ConcurrentGCThread "G1 Refine#6" [stack: 0x0000000d2d800000,0x0000000d2d900000] [id=22368]
  0x0000013866299f50 ConcurrentGCThread "G1 Refine#7" [stack: 0x0000000d2d900000,0x0000000d2da00000] [id=18204]
  0x000001386629b0f0 ConcurrentGCThread "G1 Refine#8" [stack: 0x0000000d2b600000,0x0000000d2b700000] [id=12960]
  0x000001386629ae00 ConcurrentGCThread "G1 Refine#9" [stack: 0x0000000d2da00000,0x0000000d2db00000] [id=21960]
  0x00000138662981f0 ConcurrentGCThread "G1 Refine#10" [stack: 0x0000000d2db00000,0x0000000d2dc00000] [id=12412]
  0x000001386629b3e0 ConcurrentGCThread "G1 Refine#11" [stack: 0x0000000d2dc00000,0x0000000d2dd00000] [id=25700]
  0x000001387fae7360 ConcurrentGCThread "G1 Service" [stack: 0x0000000d28500000,0x0000000d28600000] [id=20328]

Threads with active compile tasks:
C2 CompilerThread0   328549 18446       4       org.hibernate.sql.results.graph.entity.internal.EntityInitializerImpl::<init> (1825 bytes)

VM state: not at safepoint (normal execution)

VM Mutex/Monitor currently owned by a thread: None

Heap address: 0x0000000605c00000, size: 8100 MB, Compressed Oops mode: Zero based, Oop shift amount: 3

CDS archive(s) mapped at: [0x000001381a000000-0x000001381abd0000-0x000001381abd0000), size 12386304, SharedBaseAddress: 0x000001381a000000, ArchiveRelocationMode: 1.
Compressed class space mapped at: 0x000001381b000000-0x000001385b000000, reserved size: 1073741824
Narrow klass base: 0x000001381a000000, Narrow klass shift: 0, Narrow klass range: 0x100000000

GC Precious Log:
 CPUs: 24 total, 24 available
 Memory: 32396M
 Large Page Support: Disabled
 NUMA Support: Disabled
 Compressed Oops: Enabled (Zero based)
 Heap Region Size: 4M
 Heap Min Capacity: 8M
 Heap Initial Capacity: 508M
 Heap Max Capacity: 8100M
 Pre-touch: Disabled
 Parallel Workers: 18
 Concurrent Workers: 5
 Concurrent Refinement Workers: 18
 Periodic GC: Disabled

Heap:
 garbage-first heap   total 753664K, used 255771K [0x0000000605c00000, 0x0000000800000000)
  region size 4096K, 21 young (86016K), 8 survivors (32768K)
 Metaspace       used 115555K, committed 116352K, reserved 1179648K
  class space    used 15160K, committed 15552K, reserved 1048576K

Heap Regions: E=young(eden), S=young(survivor), O=old, HS=humongous(starts), HC=humongous(continues), CS=collection set, F=free, OA=open archive, CA=closed archive, TAMS=top-at-mark-start (previous, next)
|   0|0x0000000605c00000, 0x0000000606000000, 0x0000000606000000|100%| O|  |TAMS 0x0000000606000000, 0x0000000605c00000| Untracked 
|   1|0x0000000606000000, 0x0000000606400000, 0x0000000606400000|100%| O|  |TAMS 0x0000000606400000, 0x0000000606000000| Untracked 
|   2|0x0000000606400000, 0x000000060679d800, 0x0000000606800000| 90%| O|  |TAMS 0x000000060679d800, 0x0000000606400000| Untracked 
|   3|0x0000000606800000, 0x0000000606c00000, 0x0000000606c00000|100%| O|  |TAMS 0x0000000606c00000, 0x0000000606800000| Untracked 
|   4|0x0000000606c00000, 0x0000000607000000, 0x0000000607000000|100%| O|  |TAMS 0x0000000607000000, 0x0000000606c00000| Untracked 
|   5|0x0000000607000000, 0x0000000607400000, 0x0000000607400000|100%| O|  |TAMS 0x0000000607400000, 0x0000000607000000| Untracked 
|   6|0x0000000607400000, 0x0000000607800000, 0x0000000607800000|100%| O|  |TAMS 0x0000000607800000, 0x0000000607400000| Untracked 
|   7|0x0000000607800000, 0x0000000607c00000, 0x0000000607c00000|100%| O|  |TAMS 0x0000000607c00000, 0x0000000607800000| Untracked 
|   8|0x0000000607c00000, 0x0000000608000000, 0x0000000608000000|100%| O|  |TAMS 0x0000000608000000, 0x0000000607c00000| Untracked 
|   9|0x0000000608000000, 0x0000000608400000, 0x0000000608400000|100%| O|  |TAMS 0x0000000608400000, 0x0000000608000000| Untracked 
|  10|0x0000000608400000, 0x0000000608800000, 0x0000000608800000|100%| O|  |TAMS 0x0000000608800000, 0x0000000608400000| Untracked 
|  11|0x0000000608800000, 0x0000000608c00000, 0x0000000608c00000|100%| O|  |TAMS 0x0000000608c00000, 0x0000000608800000| Untracked 
|  12|0x0000000608c00000, 0x0000000608ed5e00, 0x0000000609000000| 70%| O|  |TAMS 0x0000000608ed5e00, 0x0000000608c00000| Untracked 
|  13|0x0000000609000000, 0x0000000609400000, 0x0000000609400000|100%| O|  |TAMS 0x0000000609000000, 0x0000000609000000| Untracked 
|  14|0x0000000609400000, 0x0000000609800000, 0x0000000609800000|100%| O|  |TAMS 0x0000000609400000, 0x0000000609400000| Untracked 
|  15|0x0000000609800000, 0x0000000609c00000, 0x0000000609c00000|100%| O|  |TAMS 0x0000000609800000, 0x0000000609800000| Untracked 
|  16|0x0000000609c00000, 0x0000000609fd1c00, 0x000000060a000000| 95%| O|  |TAMS 0x0000000609c00000, 0x0000000609c00000| Untracked 
|  17|0x000000060a000000, 0x000000060a000000, 0x000000060a400000|  0%| F|  |TAMS 0x000000060a000000, 0x000000060a000000| Untracked 
|  18|0x000000060a400000, 0x000000060a800000, 0x000000060a800000|100%| O|  |TAMS 0x000000060a800000, 0x000000060a400000| Untracked 
|  19|0x000000060a800000, 0x000000060ac00000, 0x000000060ac00000|100%| O|  |TAMS 0x000000060ac00000, 0x000000060a800000| Untracked 
|  20|0x000000060ac00000, 0x000000060b000000, 0x000000060b000000|100%| O|  |TAMS 0x000000060b000000, 0x000000060ac00000| Untracked 
|  21|0x000000060b000000, 0x000000060b400000, 0x000000060b400000|100%| O|  |TAMS 0x000000060b400000, 0x000000060b000000| Untracked 
|  22|0x000000060b400000, 0x000000060b800000, 0x000000060b800000|100%| O|  |TAMS 0x000000060b800000, 0x000000060b400000| Untracked 
|  23|0x000000060b800000, 0x000000060bc00000, 0x000000060bc00000|100%| O|  |TAMS 0x000000060bc00000, 0x000000060b800000| Untracked 
|  24|0x000000060bc00000, 0x000000060c000000, 0x000000060c000000|100%| O|  |TAMS 0x000000060c000000, 0x000000060bc00000| Untracked 
|  25|0x000000060c000000, 0x000000060c400000, 0x000000060c400000|100%| O|  |TAMS 0x000000060c400000, 0x000000060c000000| Untracked 
|  26|0x000000060c400000, 0x000000060c800000, 0x000000060c800000|100%| O|  |TAMS 0x000000060c800000, 0x000000060c400000| Untracked 
|  27|0x000000060c800000, 0x000000060cc00000, 0x000000060cc00000|100%| O|  |TAMS 0x000000060cc00000, 0x000000060c800000| Untracked 
|  28|0x000000060cc00000, 0x000000060d000000, 0x000000060d000000|100%| O|  |TAMS 0x000000060d000000, 0x000000060cc00000| Untracked 
|  29|0x000000060d000000, 0x000000060d400000, 0x000000060d400000|100%| O|  |TAMS 0x000000060d400000, 0x000000060d000000| Untracked 
|  30|0x000000060d400000, 0x000000060d800000, 0x000000060d800000|100%| O|  |TAMS 0x000000060d800000, 0x000000060d400000| Untracked 
|  31|0x000000060d800000, 0x000000060dc00000, 0x000000060dc00000|100%| O|  |TAMS 0x000000060dc00000, 0x000000060d800000| Untracked 
|  32|0x000000060dc00000, 0x000000060e000000, 0x000000060e000000|100%| O|  |TAMS 0x000000060e000000, 0x000000060dc00000| Untracked 
|  33|0x000000060e000000, 0x000000060e400000, 0x000000060e400000|100%| O|  |TAMS 0x000000060e400000, 0x000000060e000000| Untracked 
|  34|0x000000060e400000, 0x000000060e400000, 0x000000060e800000|  0%| F|  |TAMS 0x000000060e400000, 0x000000060e400000| Untracked 
|  35|0x000000060e800000, 0x000000060ec00000, 0x000000060ec00000|100%| O|  |TAMS 0x000000060ec00000, 0x000000060e800000| Untracked 
|  36|0x000000060ec00000, 0x000000060f000000, 0x000000060f000000|100%| O|  |TAMS 0x000000060f000000, 0x000000060ec00000| Untracked 
|  37|0x000000060f000000, 0x000000060f400000, 0x000000060f400000|100%| O|  |TAMS 0x000000060f400000, 0x000000060f000000| Untracked 
|  38|0x000000060f400000, 0x000000060f800000, 0x000000060f800000|100%| O|  |TAMS 0x000000060f800000, 0x000000060f400000| Untracked 
|  39|0x000000060f800000, 0x000000060fc00000, 0x000000060fc00000|100%| O|  |TAMS 0x000000060fc00000, 0x000000060f800000| Untracked 
|  40|0x000000060fc00000, 0x0000000610000000, 0x0000000610000000|100%| O|  |TAMS 0x000000060fe11e00, 0x000000060fc00000| Untracked 
|  41|0x0000000610000000, 0x0000000610400000, 0x0000000610400000|100%| O|  |TAMS 0x0000000610000000, 0x0000000610000000| Untracked 
|  42|0x0000000610400000, 0x0000000610800000, 0x0000000610800000|100%| O|  |TAMS 0x0000000610400000, 0x0000000610400000| Untracked 
|  43|0x0000000610800000, 0x0000000610c00000, 0x0000000610c00000|100%| O|  |TAMS 0x0000000610800000, 0x0000000610800000| Untracked 
|  44|0x0000000610c00000, 0x0000000610c00000, 0x0000000611000000|  0%| F|  |TAMS 0x0000000610c00000, 0x0000000610c00000| Untracked 
|  45|0x0000000611000000, 0x0000000611000000, 0x0000000611400000|  0%| F|  |TAMS 0x0000000611000000, 0x0000000611000000| Untracked 
|  46|0x0000000611400000, 0x0000000611400000, 0x0000000611800000|  0%| F|  |TAMS 0x0000000611400000, 0x0000000611400000| Untracked 
|  47|0x0000000611800000, 0x0000000611800000, 0x0000000611c00000|  0%| F|  |TAMS 0x0000000611800000, 0x0000000611800000| Untracked 
|  48|0x0000000611c00000, 0x0000000611c00000, 0x0000000612000000|  0%| F|  |TAMS 0x0000000611c00000, 0x0000000611c00000| Untracked 
|  49|0x0000000612000000, 0x0000000612000000, 0x0000000612400000|  0%| F|  |TAMS 0x0000000612000000, 0x0000000612000000| Untracked 
|  50|0x0000000612400000, 0x0000000612400000, 0x0000000612800000|  0%| F|  |TAMS 0x0000000612400000, 0x0000000612400000| Untracked 
|  51|0x0000000612800000, 0x0000000612800000, 0x0000000612c00000|  0%| F|  |TAMS 0x0000000612800000, 0x0000000612800000| Untracked 
|  52|0x0000000612c00000, 0x0000000612c00000, 0x0000000613000000|  0%| F|  |TAMS 0x0000000612c00000, 0x0000000612c00000| Untracked 
|  53|0x0000000613000000, 0x0000000613000000, 0x0000000613400000|  0%| F|  |TAMS 0x0000000613000000, 0x0000000613000000| Untracked 
|  54|0x0000000613400000, 0x0000000613400000, 0x0000000613800000|  0%| F|  |TAMS 0x0000000613400000, 0x0000000613400000| Untracked 
|  55|0x0000000613800000, 0x0000000613800000, 0x0000000613c00000|  0%| F|  |TAMS 0x0000000613800000, 0x0000000613800000| Untracked 
|  56|0x0000000613c00000, 0x0000000613c00000, 0x0000000614000000|  0%| F|  |TAMS 0x0000000613c00000, 0x0000000613c00000| Untracked 
|  57|0x0000000614000000, 0x0000000614000000, 0x0000000614400000|  0%| F|  |TAMS 0x0000000614000000, 0x0000000614000000| Untracked 
|  58|0x0000000614400000, 0x0000000614400000, 0x0000000614800000|  0%| F|  |TAMS 0x0000000614400000, 0x0000000614400000| Untracked 
|  59|0x0000000614800000, 0x0000000614800000, 0x0000000614c00000|  0%| F|  |TAMS 0x0000000614800000, 0x0000000614800000| Untracked 
|  60|0x0000000614c00000, 0x0000000614c00000, 0x0000000615000000|  0%| F|  |TAMS 0x0000000614c00000, 0x0000000614c00000| Untracked 
|  61|0x0000000615000000, 0x0000000615000000, 0x0000000615400000|  0%| F|  |TAMS 0x0000000615000000, 0x0000000615000000| Untracked 
|  62|0x0000000615400000, 0x0000000615400000, 0x0000000615800000|  0%| F|  |TAMS 0x0000000615400000, 0x0000000615400000| Untracked 
|  63|0x0000000615800000, 0x0000000615800000, 0x0000000615c00000|  0%| F|  |TAMS 0x0000000615800000, 0x0000000615800000| Untracked 
|  64|0x0000000615c00000, 0x0000000615c00000, 0x0000000616000000|  0%| F|  |TAMS 0x0000000615c00000, 0x0000000615c00000| Untracked 
|  65|0x0000000616000000, 0x0000000616000000, 0x0000000616400000|  0%| F|  |TAMS 0x0000000616000000, 0x0000000616000000| Untracked 
|  66|0x0000000616400000, 0x0000000616400000, 0x0000000616800000|  0%| F|  |TAMS 0x0000000616400000, 0x0000000616400000| Untracked 
|  67|0x0000000616800000, 0x0000000616800000, 0x0000000616c00000|  0%| F|  |TAMS 0x0000000616800000, 0x0000000616800000| Untracked 
|  68|0x0000000616c00000, 0x0000000616c00000, 0x0000000617000000|  0%| F|  |TAMS 0x0000000616c00000, 0x0000000616c00000| Untracked 
|  69|0x0000000617000000, 0x0000000617000000, 0x0000000617400000|  0%| F|  |TAMS 0x0000000617000000, 0x0000000617000000| Untracked 
|  70|0x0000000617400000, 0x0000000617400000, 0x0000000617800000|  0%| F|  |TAMS 0x0000000617400000, 0x0000000617400000| Untracked 
|  71|0x0000000617800000, 0x0000000617800000, 0x0000000617c00000|  0%| F|  |TAMS 0x0000000617800000, 0x0000000617800000| Untracked 
|  72|0x0000000617c00000, 0x0000000617c00000, 0x0000000618000000|  0%| F|  |TAMS 0x0000000617c00000, 0x0000000617c00000| Untracked 
|  73|0x0000000618000000, 0x0000000618000000, 0x0000000618400000|  0%| F|  |TAMS 0x0000000618000000, 0x0000000618000000| Untracked 
|  74|0x0000000618400000, 0x0000000618400000, 0x0000000618800000|  0%| F|  |TAMS 0x0000000618400000, 0x0000000618400000| Untracked 
|  75|0x0000000618800000, 0x0000000618800000, 0x0000000618c00000|  0%| F|  |TAMS 0x0000000618800000, 0x0000000618800000| Untracked 
|  76|0x0000000618c00000, 0x0000000618c00000, 0x0000000619000000|  0%| F|  |TAMS 0x0000000618c00000, 0x0000000618c00000| Untracked 
|  77|0x0000000619000000, 0x0000000619000000, 0x0000000619400000|  0%| F|  |TAMS 0x0000000619000000, 0x0000000619000000| Untracked 
|  78|0x0000000619400000, 0x0000000619400000, 0x0000000619800000|  0%| F|  |TAMS 0x0000000619400000, 0x0000000619400000| Untracked 
|  79|0x0000000619800000, 0x0000000619800000, 0x0000000619c00000|  0%| F|  |TAMS 0x0000000619800000, 0x0000000619800000| Untracked 
|  80|0x0000000619c00000, 0x0000000619c00000, 0x000000061a000000|  0%| F|  |TAMS 0x0000000619c00000, 0x0000000619c00000| Untracked 
|  81|0x000000061a000000, 0x000000061a000000, 0x000000061a400000|  0%| F|  |TAMS 0x000000061a000000, 0x000000061a000000| Untracked 
|  82|0x000000061a400000, 0x000000061a400000, 0x000000061a800000|  0%| F|  |TAMS 0x000000061a400000, 0x000000061a400000| Untracked 
|  83|0x000000061a800000, 0x000000061a800000, 0x000000061ac00000|  0%| F|  |TAMS 0x000000061a800000, 0x000000061a800000| Untracked 
|  84|0x000000061ac00000, 0x000000061af81da0, 0x000000061b000000| 87%| S|CS|TAMS 0x000000061ac00000, 0x000000061ac00000| Complete 
|  85|0x000000061b000000, 0x000000061b400000, 0x000000061b400000|100%| S|CS|TAMS 0x000000061b000000, 0x000000061b000000| Complete 
|  86|0x000000061b400000, 0x000000061b800000, 0x000000061b800000|100%| S|CS|TAMS 0x000000061b400000, 0x000000061b400000| Complete 
|  87|0x000000061b800000, 0x000000061bc00000, 0x000000061bc00000|100%| S|CS|TAMS 0x000000061b800000, 0x000000061b800000| Complete 
|  88|0x000000061bc00000, 0x000000061c000000, 0x000000061c000000|100%| S|CS|TAMS 0x000000061bc00000, 0x000000061bc00000| Complete 
|  89|0x000000061c000000, 0x000000061c400000, 0x000000061c400000|100%| S|CS|TAMS 0x000000061c000000, 0x000000061c000000| Complete 
|  90|0x000000061c400000, 0x000000061c800000, 0x000000061c800000|100%| S|CS|TAMS 0x000000061c400000, 0x000000061c400000| Complete 
|  91|0x000000061c800000, 0x000000061cc00000, 0x000000061cc00000|100%| S|CS|TAMS 0x000000061c800000, 0x000000061c800000| Complete 
|  92|0x000000061cc00000, 0x000000061cc00000, 0x000000061d000000|  0%| F|  |TAMS 0x000000061cc00000, 0x000000061cc00000| Untracked 
|  93|0x000000061d000000, 0x000000061d000000, 0x000000061d400000|  0%| F|  |TAMS 0x000000061d000000, 0x000000061d000000| Untracked 
|  94|0x000000061d400000, 0x000000061d400000, 0x000000061d800000|  0%| F|  |TAMS 0x000000061d400000, 0x000000061d400000| Untracked 
|  95|0x000000061d800000, 0x000000061d800000, 0x000000061dc00000|  0%| F|  |TAMS 0x000000061d800000, 0x000000061d800000| Untracked 
|  96|0x000000061dc00000, 0x000000061dc00000, 0x000000061e000000|  0%| F|  |TAMS 0x000000061dc00000, 0x000000061dc00000| Untracked 
|  97|0x000000061e000000, 0x000000061e000000, 0x000000061e400000|  0%| F|  |TAMS 0x000000061e000000, 0x000000061e000000| Untracked 
|  98|0x000000061e400000, 0x000000061e400000, 0x000000061e800000|  0%| F|  |TAMS 0x000000061e400000, 0x000000061e400000| Untracked 
|  99|0x000000061e800000, 0x000000061e800000, 0x000000061ec00000|  0%| F|  |TAMS 0x000000061e800000, 0x000000061e800000| Untracked 
| 100|0x000000061ec00000, 0x000000061ec00000, 0x000000061f000000|  0%| F|  |TAMS 0x000000061ec00000, 0x000000061ec00000| Untracked 
| 101|0x000000061f000000, 0x000000061f000000, 0x000000061f400000|  0%| F|  |TAMS 0x000000061f000000, 0x000000061f000000| Untracked 
| 102|0x000000061f400000, 0x000000061f400000, 0x000000061f800000|  0%| F|  |TAMS 0x000000061f400000, 0x000000061f400000| Untracked 
| 103|0x000000061f800000, 0x000000061f800000, 0x000000061fc00000|  0%| F|  |TAMS 0x000000061f800000, 0x000000061f800000| Untracked 
| 104|0x000000061fc00000, 0x000000061fc00000, 0x0000000620000000|  0%| F|  |TAMS 0x000000061fc00000, 0x000000061fc00000| Untracked 
| 105|0x0000000620000000, 0x0000000620000000, 0x0000000620400000|  0%| F|  |TAMS 0x0000000620000000, 0x0000000620000000| Untracked 
| 106|0x0000000620400000, 0x0000000620400000, 0x0000000620800000|  0%| F|  |TAMS 0x0000000620400000, 0x0000000620400000| Untracked 
| 107|0x0000000620800000, 0x0000000620800000, 0x0000000620c00000|  0%| F|  |TAMS 0x0000000620800000, 0x0000000620800000| Untracked 
| 108|0x0000000620c00000, 0x0000000620c00000, 0x0000000621000000|  0%| F|  |TAMS 0x0000000620c00000, 0x0000000620c00000| Untracked 
| 109|0x0000000621000000, 0x0000000621000000, 0x0000000621400000|  0%| F|  |TAMS 0x0000000621000000, 0x0000000621000000| Untracked 
| 110|0x0000000621400000, 0x0000000621400000, 0x0000000621800000|  0%| F|  |TAMS 0x0000000621400000, 0x0000000621400000| Untracked 
| 111|0x0000000621800000, 0x0000000621800000, 0x0000000621c00000|  0%| F|  |TAMS 0x0000000621800000, 0x0000000621800000| Untracked 
| 112|0x0000000621c00000, 0x0000000621c00000, 0x0000000622000000|  0%| F|  |TAMS 0x0000000621c00000, 0x0000000621c00000| Untracked 
| 113|0x0000000622000000, 0x0000000622000000, 0x0000000622400000|  0%| F|  |TAMS 0x0000000622000000, 0x0000000622000000| Untracked 
| 114|0x0000000622400000, 0x0000000622400000, 0x0000000622800000|  0%| F|  |TAMS 0x0000000622400000, 0x0000000622400000| Untracked 
| 115|0x0000000622800000, 0x0000000622800000, 0x0000000622c00000|  0%| F|  |TAMS 0x0000000622800000, 0x0000000622800000| Untracked 
| 116|0x0000000622c00000, 0x0000000622c00000, 0x0000000623000000|  0%| F|  |TAMS 0x0000000622c00000, 0x0000000622c00000| Untracked 
| 117|0x0000000623000000, 0x0000000623000000, 0x0000000623400000|  0%| F|  |TAMS 0x0000000623000000, 0x0000000623000000| Untracked 
| 118|0x0000000623400000, 0x0000000623400000, 0x0000000623800000|  0%| F|  |TAMS 0x0000000623400000, 0x0000000623400000| Untracked 
| 119|0x0000000623800000, 0x0000000623800000, 0x0000000623c00000|  0%| F|  |TAMS 0x0000000623800000, 0x0000000623800000| Untracked 
| 120|0x0000000623c00000, 0x0000000623c00000, 0x0000000624000000|  0%| F|  |TAMS 0x0000000623c00000, 0x0000000623c00000| Untracked 
| 121|0x0000000624000000, 0x0000000624000000, 0x0000000624400000|  0%| F|  |TAMS 0x0000000624000000, 0x0000000624000000| Untracked 
| 122|0x0000000624400000, 0x0000000624400000, 0x0000000624800000|  0%| F|  |TAMS 0x0000000624400000, 0x0000000624400000| Untracked 
| 123|0x0000000624800000, 0x0000000624800000, 0x0000000624c00000|  0%| F|  |TAMS 0x0000000624800000, 0x0000000624800000| Untracked 
| 124|0x0000000624c00000, 0x0000000624c00000, 0x0000000625000000|  0%| F|  |TAMS 0x0000000624c00000, 0x0000000624c00000| Untracked 
| 125|0x0000000625000000, 0x0000000625000000, 0x0000000625400000|  0%| F|  |TAMS 0x0000000625000000, 0x0000000625000000| Untracked 
| 126|0x0000000625400000, 0x0000000625400000, 0x0000000625800000|  0%| F|  |TAMS 0x0000000625400000, 0x0000000625400000| Untracked 
| 127|0x0000000625800000, 0x0000000625800000, 0x0000000625c00000|  0%| F|  |TAMS 0x0000000625800000, 0x0000000625800000| Untracked 
| 128|0x0000000625c00000, 0x0000000625c00000, 0x0000000626000000|  0%| F|  |TAMS 0x0000000625c00000, 0x0000000625c00000| Untracked 
| 129|0x0000000626000000, 0x0000000626000000, 0x0000000626400000|  0%| F|  |TAMS 0x0000000626000000, 0x0000000626000000| Untracked 
| 130|0x0000000626400000, 0x0000000626400000, 0x0000000626800000|  0%| F|  |TAMS 0x0000000626400000, 0x0000000626400000| Untracked 
| 131|0x0000000626800000, 0x0000000626800000, 0x0000000626c00000|  0%| F|  |TAMS 0x0000000626800000, 0x0000000626800000| Untracked 
| 132|0x0000000626c00000, 0x0000000626c00000, 0x0000000627000000|  0%| F|  |TAMS 0x0000000626c00000, 0x0000000626c00000| Untracked 
| 133|0x0000000627000000, 0x0000000627000000, 0x0000000627400000|  0%| F|  |TAMS 0x0000000627000000, 0x0000000627000000| Untracked 
| 134|0x0000000627400000, 0x0000000627400000, 0x0000000627800000|  0%| F|  |TAMS 0x0000000627400000, 0x0000000627400000| Untracked 
| 135|0x0000000627800000, 0x0000000627800000, 0x0000000627c00000|  0%| F|  |TAMS 0x0000000627800000, 0x0000000627800000| Untracked 
| 136|0x0000000627c00000, 0x0000000627c00000, 0x0000000628000000|  0%| F|  |TAMS 0x0000000627c00000, 0x0000000627c00000| Untracked 
| 137|0x0000000628000000, 0x0000000628000000, 0x0000000628400000|  0%| F|  |TAMS 0x0000000628000000, 0x0000000628000000| Untracked 
| 138|0x0000000628400000, 0x0000000628400000, 0x0000000628800000|  0%| F|  |TAMS 0x0000000628400000, 0x0000000628400000| Untracked 
| 139|0x0000000628800000, 0x0000000628800000, 0x0000000628c00000|  0%| F|  |TAMS 0x0000000628800000, 0x0000000628800000| Untracked 
| 140|0x0000000628c00000, 0x0000000628c00000, 0x0000000629000000|  0%| F|  |TAMS 0x0000000628c00000, 0x0000000628c00000| Untracked 
| 141|0x0000000629000000, 0x0000000629000000, 0x0000000629400000|  0%| F|  |TAMS 0x0000000629000000, 0x0000000629000000| Untracked 
| 142|0x0000000629400000, 0x0000000629400000, 0x0000000629800000|  0%| F|  |TAMS 0x0000000629400000, 0x0000000629400000| Untracked 
| 143|0x0000000629800000, 0x0000000629800000, 0x0000000629c00000|  0%| F|  |TAMS 0x0000000629800000, 0x0000000629800000| Untracked 
| 144|0x0000000629c00000, 0x0000000629c00000, 0x000000062a000000|  0%| F|  |TAMS 0x0000000629c00000, 0x0000000629c00000| Untracked 
| 145|0x000000062a000000, 0x000000062a000000, 0x000000062a400000|  0%| F|  |TAMS 0x000000062a000000, 0x000000062a000000| Untracked 
| 146|0x000000062a400000, 0x000000062a400000, 0x000000062a800000|  0%| F|  |TAMS 0x000000062a400000, 0x000000062a400000| Untracked 
| 147|0x000000062a800000, 0x000000062a800000, 0x000000062ac00000|  0%| F|  |TAMS 0x000000062a800000, 0x000000062a800000| Untracked 
| 148|0x000000062ac00000, 0x000000062ac00000, 0x000000062b000000|  0%| F|  |TAMS 0x000000062ac00000, 0x000000062ac00000| Untracked 
| 149|0x000000062b000000, 0x000000062b000000, 0x000000062b400000|  0%| F|  |TAMS 0x000000062b000000, 0x000000062b000000| Untracked 
| 150|0x000000062b400000, 0x000000062b400000, 0x000000062b800000|  0%| F|  |TAMS 0x000000062b400000, 0x000000062b400000| Untracked 
| 151|0x000000062b800000, 0x000000062b800000, 0x000000062bc00000|  0%| F|  |TAMS 0x000000062b800000, 0x000000062b800000| Untracked 
| 152|0x000000062bc00000, 0x000000062bc00000, 0x000000062c000000|  0%| F|  |TAMS 0x000000062bc00000, 0x000000062bc00000| Untracked 
| 153|0x000000062c000000, 0x000000062c000000, 0x000000062c400000|  0%| F|  |TAMS 0x000000062c000000, 0x000000062c000000| Untracked 
| 154|0x000000062c400000, 0x000000062c400000, 0x000000062c800000|  0%| F|  |TAMS 0x000000062c400000, 0x000000062c400000| Untracked 
| 155|0x000000062c800000, 0x000000062c800000, 0x000000062cc00000|  0%| F|  |TAMS 0x000000062c800000, 0x000000062c800000| Untracked 
| 156|0x000000062cc00000, 0x000000062cc00000, 0x000000062d000000|  0%| F|  |TAMS 0x000000062cc00000, 0x000000062cc00000| Untracked 
| 157|0x000000062d000000, 0x000000062d000000, 0x000000062d400000|  0%| F|  |TAMS 0x000000062d000000, 0x000000062d000000| Untracked 
| 158|0x000000062d400000, 0x000000062d400000, 0x000000062d800000|  0%| F|  |TAMS 0x000000062d400000, 0x000000062d400000| Untracked 
| 159|0x000000062d800000, 0x000000062d800000, 0x000000062dc00000|  0%| F|  |TAMS 0x000000062d800000, 0x000000062d800000| Untracked 
| 160|0x000000062dc00000, 0x000000062dc00000, 0x000000062e000000|  0%| F|  |TAMS 0x000000062dc00000, 0x000000062dc00000| Untracked 
| 161|0x000000062e000000, 0x000000062e000000, 0x000000062e400000|  0%| F|  |TAMS 0x000000062e000000, 0x000000062e000000| Untracked 
| 162|0x000000062e400000, 0x000000062e400000, 0x000000062e800000|  0%| F|  |TAMS 0x000000062e400000, 0x000000062e400000| Untracked 
| 163|0x000000062e800000, 0x000000062e800000, 0x000000062ec00000|  0%| F|  |TAMS 0x000000062e800000, 0x000000062e800000| Untracked 
| 164|0x000000062ec00000, 0x000000062ec00000, 0x000000062f000000|  0%| F|  |TAMS 0x000000062ec00000, 0x000000062ec00000| Untracked 
| 165|0x000000062f000000, 0x000000062f000000, 0x000000062f400000|  0%| F|  |TAMS 0x000000062f000000, 0x000000062f000000| Untracked 
| 166|0x000000062f400000, 0x000000062f400000, 0x000000062f800000|  0%| F|  |TAMS 0x000000062f400000, 0x000000062f400000| Untracked 
| 167|0x000000062f800000, 0x000000062f800000, 0x000000062fc00000|  0%| F|  |TAMS 0x000000062f800000, 0x000000062f800000| Untracked 
| 168|0x000000062fc00000, 0x000000062fc00000, 0x0000000630000000|  0%| F|  |TAMS 0x000000062fc00000, 0x000000062fc00000| Untracked 
| 169|0x0000000630000000, 0x0000000630000000, 0x0000000630400000|  0%| F|  |TAMS 0x0000000630000000, 0x0000000630000000| Untracked 
| 187|0x0000000634800000, 0x0000000634abe610, 0x0000000634c00000| 68%| E|  |TAMS 0x0000000634800000, 0x0000000634800000| Complete 
| 188|0x0000000634c00000, 0x0000000635000000, 0x0000000635000000|100%| E|CS|TAMS 0x0000000634c00000, 0x0000000634c00000| Complete 
| 189|0x0000000635000000, 0x0000000635400000, 0x0000000635400000|100%| E|CS|TAMS 0x0000000635000000, 0x0000000635000000| Complete 
| 190|0x0000000635400000, 0x0000000635800000, 0x0000000635800000|100%| E|CS|TAMS 0x0000000635400000, 0x0000000635400000| Complete 
| 191|0x0000000635800000, 0x0000000635c00000, 0x0000000635c00000|100%| E|CS|TAMS 0x0000000635800000, 0x0000000635800000| Complete 
| 192|0x0000000635c00000, 0x0000000636000000, 0x0000000636000000|100%| E|CS|TAMS 0x0000000635c00000, 0x0000000635c00000| Complete 
| 193|0x0000000636000000, 0x0000000636400000, 0x0000000636400000|100%| E|CS|TAMS 0x0000000636000000, 0x0000000636000000| Complete 
| 194|0x0000000636400000, 0x0000000636800000, 0x0000000636800000|100%| E|CS|TAMS 0x0000000636400000, 0x0000000636400000| Complete 
| 195|0x0000000636800000, 0x0000000636c00000, 0x0000000636c00000|100%| E|CS|TAMS 0x0000000636800000, 0x0000000636800000| Complete 
| 196|0x0000000636c00000, 0x0000000637000000, 0x0000000637000000|100%| E|CS|TAMS 0x0000000636c00000, 0x0000000636c00000| Complete 
| 197|0x0000000637000000, 0x0000000637400000, 0x0000000637400000|100%| E|CS|TAMS 0x0000000637000000, 0x0000000637000000| Complete 
| 198|0x0000000637400000, 0x0000000637800000, 0x0000000637800000|100%| E|CS|TAMS 0x0000000637400000, 0x0000000637400000| Complete 
| 199|0x0000000637800000, 0x0000000637c00000, 0x0000000637c00000|100%| E|CS|TAMS 0x0000000637800000, 0x0000000637800000| Complete 
|2023|0x00000007ff800000, 0x00000007ffc00000, 0x00000007ffc00000|100%| O|  |TAMS 0x00000007ffc00000, 0x00000007ff800000| Untracked 

Card table byte_map: [0x0000013875710000,0x00000138766f0000] _byte_map_base: 0x00000138726e2000

Marking Bits (Prev, Next): (CMBitMap*) 0x000001386c14e490, (CMBitMap*) 0x000001386c14e4d0
 Prev Bits: [0x00000138776d0000, 0x000001387f560000)
 Next Bits: [0x000001380f000000, 0x0000013816e90000)

Polling page: 0x0000013869f90000

Metaspace:

Usage:
  Non-class:     98.04 MB used.
      Class:     14.81 MB used.
       Both:    112.85 MB used.

Virtual space:
  Non-class space:      128.00 MB reserved,      98.44 MB ( 77%) committed,  2 nodes.
      Class space:        1.00 GB reserved,      15.19 MB (  1%) committed,  1 nodes.
             Both:        1.12 GB reserved,     113.62 MB ( 10%) committed. 

Chunk freelists:
   Non-Class:  12.67 MB
       Class:  771.00 KB
        Both:  13.42 MB

MaxMetaspaceSize: unlimited
CompressedClassSpaceSize: 1.00 GB
Initial GC threshold: 21.00 MB
Current GC threshold: 145.25 MB
CDS: on
MetaspaceReclaimPolicy: balanced
 - commit_granule_bytes: 65536.
 - commit_granule_words: 8192.
 - virtual_space_node_default_size: 8388608.
 - enlarge_chunks_in_place: 1.
 - new_chunks_are_fully_committed: 0.
 - uncommit_free_chunks: 1.
 - use_allocation_guard: 0.
 - handle_deallocations: 1.


Internal statistics:

num_allocs_failed_limit: 11.
num_arena_births: 1354.
num_arena_deaths: 64.
num_vsnodes_births: 3.
num_vsnodes_deaths: 0.
num_space_committed: 1818.
num_space_uncommitted: 0.
num_chunks_returned_to_freelist: 107.
num_chunks_taken_from_freelist: 6033.
num_chunk_merges: 28.
num_chunk_splits: 4095.
num_chunks_enlarged: 2974.
num_inconsistent_stats: 0.

CodeHeap 'non-profiled nmethods': size=119168Kb used=11192Kb max_used=11192Kb free=107975Kb
 bounds [0x0000013807ba0000, 0x0000013808690000, 0x000001380f000000]
CodeHeap 'profiled nmethods': size=119104Kb used=32818Kb max_used=32818Kb free=86286Kb
 bounds [0x0000013800000000, 0x0000013802010000, 0x0000013807450000]
CodeHeap 'non-nmethods': size=7488Kb used=3128Kb max_used=3193Kb free=4359Kb
 bounds [0x0000013807450000, 0x0000013807770000, 0x0000013807ba0000]
 total_blobs=16494 nmethods=15711 adapters=689
 compilation: enabled
              stopped_count=0, restarted_count=0
 full_count=0

Compilation events (20 events):
Event: 327.347 Thread 0x00000138667fc6e0 18463       3       org.hibernate.query.results.DomainResultCreationStateImpl::resolveSqlExpression (295 bytes)
Event: 327.348 Thread 0x00000138667fc6e0 nmethod 18463 0x0000013802007d10 code [0x00000138020080c0, 0x000001380200a038]
Event: 327.378 Thread 0x0000013819b0bfd0 18467       3       org.hibernate.engine.internal.StatefulPersistenceContext::clear (204 bytes)
Event: 327.379 Thread 0x0000013819b0bfd0 nmethod 18467 0x000001380200a890 code [0x000001380200abc0, 0x000001380200c448]
Event: 327.379 Thread 0x0000013866800150 18468       3       org.hibernate.query.sqm.internal.DomainParameterXref::<init> (20 bytes)
Event: 327.379 Thread 0x0000013866800150 nmethod 18468 0x000001380200ca10 code [0x000001380200cbc0, 0x000001380200ce58]
Event: 327.379 Thread 0x00000138668006a0 18462       4       java.util.LinkedHashMap::keysToArray (38 bytes)
Event: 327.379 Thread 0x0000013866800150 18469       3       java.math.BigDecimal::divideAndRound (132 bytes)
Event: 327.379 Thread 0x0000013866800150 nmethod 18469 0x000001380200cf10 code [0x000001380200d120, 0x000001380200d6c8]
Event: 327.380 Thread 0x0000013866800150 18470   !   3       org.hibernate.internal.SessionImpl::isOpen (33 bytes)
Event: 327.380 Thread 0x0000013866800150 nmethod 18470 0x000001380200d890 code [0x000001380200db40, 0x000001380200ed48]
Event: 327.381 Thread 0x00000138668006a0 nmethod 18462 0x000001380868bc90 code [0x000001380868be20, 0x000001380868bff8]
Event: 327.381 Thread 0x00000138668006a0 18465       4       org.hibernate.sql.results.graph.entity.internal.EntityInitializerImpl::deepCopy (79 bytes)
Event: 327.381 Thread 0x0000013866800150 18471       1       org.hibernate.query.spi.AbstractQueryParameter::getName (2 bytes)
Event: 327.381 Thread 0x0000013866800150 nmethod 18471 0x000001380868c110 code [0x000001380868c2a0, 0x000001380868c378]
Event: 327.384 Thread 0x00000138668006a0 nmethod 18465 0x000001380868c410 code [0x000001380868c5c0, 0x000001380868c9b8]
Event: 327.384 Thread 0x00000138668006a0 18464       4       org.hibernate.sql.results.graph.entity.internal.EntityInitializerImpl::extractConcreteTypeStateValues (82 bytes)
Event: 327.389 Thread 0x00000138668006a0 nmethod 18464 0x000001380868cd10 code [0x000001380868cf00, 0x000001380868d6a8]
Event: 327.389 Thread 0x00000138668006a0 18466       4       java.lang.Long::hashCode (8 bytes)
Event: 327.389 Thread 0x00000138668006a0 nmethod 18466 0x000001380868dd90 code [0x000001380868df00, 0x000001380868df98]

GC Heap History (20 events):
Event: 7.581 GC heap before
{Heap before GC invocations=35 (full 0):
 garbage-first heap   total 192512K, used 150860K [0x0000000605c00000, 0x0000000800000000)
  region size 4096K, 25 young (102400K), 3 survivors (12288K)
 Metaspace       used 88224K, committed 88896K, reserved 1179648K
  class space    used 12018K, committed 12352K, reserved 1048576K
}
Event: 7.594 GC heap after
{Heap after GC invocations=36 (full 0):
 garbage-first heap   total 200704K, used 93459K [0x0000000605c00000, 0x0000000800000000)
  region size 4096K, 4 young (16384K), 4 survivors (16384K)
 Metaspace       used 88224K, committed 88896K, reserved 1179648K
  class space    used 12018K, committed 12352K, reserved 1048576K
}
Event: 7.620 GC heap before
{Heap before GC invocations=36 (full 0):
 garbage-first heap   total 200704K, used 142611K [0x0000000605c00000, 0x0000000800000000)
  region size 4096K, 17 young (69632K), 4 survivors (16384K)
 Metaspace       used 88224K, committed 88896K, reserved 1179648K
  class space    used 12018K, committed 12352K, reserved 1048576K
}
Event: 7.628 GC heap after
{Heap after GC invocations=37 (full 0):
 garbage-first heap   total 348160K, used 99369K [0x0000000605c00000, 0x0000000800000000)
  region size 4096K, 2 young (8192K), 2 survivors (8192K)
 Metaspace       used 88224K, committed 88896K, reserved 1179648K
  class space    used 12018K, committed 12352K, reserved 1048576K
}
Event: 7.702 GC heap before
{Heap before GC invocations=37 (full 0):
 garbage-first heap   total 348160K, used 226345K [0x0000000605c00000, 0x0000000800000000)
  region size 4096K, 33 young (135168K), 2 survivors (8192K)
 Metaspace       used 88232K, committed 88896K, reserved 1179648K
  class space    used 12018K, committed 12352K, reserved 1048576K
}
Event: 7.712 GC heap after
{Heap after GC invocations=38 (full 0):
 garbage-first heap   total 348160K, used 120238K [0x0000000605c00000, 0x0000000800000000)
  region size 4096K, 5 young (20480K), 5 survivors (20480K)
 Metaspace       used 88232K, committed 88896K, reserved 1179648K
  class space    used 12018K, committed 12352K, reserved 1048576K
}
Event: 7.785 GC heap before
{Heap before GC invocations=38 (full 0):
 garbage-first heap   total 348160K, used 234926K [0x0000000605c00000, 0x0000000800000000)
  region size 4096K, 33 young (135168K), 5 survivors (20480K)
 Metaspace       used 88232K, committed 88896K, reserved 1179648K
  class space    used 12018K, committed 12352K, reserved 1048576K
}
Event: 7.805 GC heap after
{Heap after GC invocations=39 (full 0):
 garbage-first heap   total 348160K, used 163278K [0x0000000605c00000, 0x0000000800000000)
  region size 4096K, 5 young (20480K), 5 survivors (20480K)
 Metaspace       used 88232K, committed 88896K, reserved 1179648K
  class space    used 12018K, committed 12352K, reserved 1048576K
}
Event: 7.855 GC heap before
{Heap before GC invocations=39 (full 0):
 garbage-first heap   total 348160K, used 245198K [0x0000000605c00000, 0x0000000800000000)
  region size 4096K, 24 young (98304K), 5 survivors (20480K)
 Metaspace       used 88232K, committed 88896K, reserved 1179648K
  class space    used 12018K, committed 12352K, reserved 1048576K
}
Event: 7.867 GC heap after
{Heap after GC invocations=40 (full 0):
 garbage-first heap   total 348160K, used 184853K [0x0000000605c00000, 0x0000000800000000)
  region size 4096K, 3 young (12288K), 3 survivors (12288K)
 Metaspace       used 88232K, committed 88896K, reserved 1179648K
  class space    used 12018K, committed 12352K, reserved 1048576K
}
Event: 7.913 GC heap before
{Heap before GC invocations=40 (full 0):
 garbage-first heap   total 348160K, used 254485K [0x0000000605c00000, 0x0000000800000000)
  region size 4096K, 20 young (81920K), 3 survivors (12288K)
 Metaspace       used 88356K, committed 89024K, reserved 1179648K
  class space    used 12035K, committed 12352K, reserved 1048576K
}
Event: 7.921 GC heap after
{Heap after GC invocations=41 (full 0):
 garbage-first heap   total 827392K, used 192550K [0x0000000605c00000, 0x0000000800000000)
  region size 4096K, 2 young (8192K), 2 survivors (8192K)
 Metaspace       used 88356K, committed 89024K, reserved 1179648K
  class space    used 12035K, committed 12352K, reserved 1048576K
}
Event: 8.203 GC heap before
{Heap before GC invocations=42 (full 0):
 garbage-first heap   total 753664K, used 466982K [0x0000000605c00000, 0x0000000800000000)
  region size 4096K, 75 young (307200K), 2 survivors (8192K)
 Metaspace       used 88774K, committed 89408K, reserved 1179648K
  class space    used 12058K, committed 12352K, reserved 1048576K
}
Event: 8.208 GC heap after
{Heap after GC invocations=43 (full 0):
 garbage-first heap   total 753664K, used 174193K [0x0000000605c00000, 0x0000000800000000)
  region size 4096K, 3 young (12288K), 3 survivors (12288K)
 Metaspace       used 88774K, committed 89408K, reserved 1179648K
  class space    used 12058K, committed 12352K, reserved 1048576K
}
Event: 8.221 GC heap before
{Heap before GC invocations=43 (full 0):
 garbage-first heap   total 753664K, used 194673K [0x0000000605c00000, 0x0000000800000000)
  region size 4096K, 9 young (36864K), 3 survivors (12288K)
 Metaspace       used 88774K, committed 89408K, reserved 1179648K
  class space    used 12058K, committed 12352K, reserved 1048576K
}
Event: 8.226 GC heap after
{Heap after GC invocations=44 (full 0):
 garbage-first heap   total 753664K, used 174452K [0x0000000605c00000, 0x0000000800000000)
  region size 4096K, 2 young (8192K), 2 survivors (8192K)
 Metaspace       used 88774K, committed 89408K, reserved 1179648K
  class space    used 12058K, committed 12352K, reserved 1048576K
}
Event: 11.082 GC heap before
{Heap before GC invocations=44 (full 0):
 garbage-first heap   total 753664K, used 575860K [0x0000000605c00000, 0x0000000800000000)
  region size 4096K, 100 young (409600K), 2 survivors (8192K)
 Metaspace       used 105899K, committed 106560K, reserved 1179648K
  class space    used 14265K, committed 14592K, reserved 1048576K
}
Event: 11.093 GC heap after
{Heap after GC invocations=45 (full 0):
 garbage-first heap   total 753664K, used 201070K [0x0000000605c00000, 0x0000000800000000)
  region size 4096K, 9 young (36864K), 9 survivors (36864K)
 Metaspace       used 105899K, committed 106560K, reserved 1179648K
  class space    used 14265K, committed 14592K, reserved 1048576K
}
Event: 295.684 GC heap before
{Heap before GC invocations=45 (full 0):
 garbage-first heap   total 753664K, used 573806K [0x0000000605c00000, 0x0000000800000000)
  region size 4096K, 100 young (409600K), 9 survivors (36864K)
 Metaspace       used 115417K, committed 116224K, reserved 1179648K
  class space    used 15158K, committed 15552K, reserved 1048576K
}
Event: 295.695 GC heap after
{Heap after GC invocations=46 (full 0):
 garbage-first heap   total 753664K, used 206619K [0x0000000605c00000, 0x0000000800000000)
  region size 4096K, 8 young (32768K), 8 survivors (32768K)
 Metaspace       used 115417K, committed 116224K, reserved 1179648K
  class space    used 15158K, committed 15552K, reserved 1048576K
}

Deoptimization events (20 events):
Event: 205.774 Thread 0x0000013868e78300 DEOPT PACKING pc=0x000001380858cda0 sp=0x0000000d2ecfd1d0
Event: 205.774 Thread 0x0000013868e78300 DEOPT UNPACKING pc=0x00000138074a23a3 sp=0x0000000d2ecfd190 mode 2
Event: 206.214 Thread 0x0000013868e78300 DEOPT PACKING pc=0x00000138017352bf sp=0x0000000d2ecfbaf0
Event: 206.214 Thread 0x0000013868e78300 DEOPT UNPACKING pc=0x00000138074a2b43 sp=0x0000000d2ecfb020 mode 0
Event: 206.304 Thread 0x0000013868e78300 DEOPT PACKING pc=0x00000138018716f1 sp=0x0000000d2ecfcae0
Event: 206.304 Thread 0x0000013868e78300 DEOPT UNPACKING pc=0x00000138074a2b43 sp=0x0000000d2ecfbf80 mode 0
Event: 266.310 Thread 0x0000013868e78300 DEOPT PACKING pc=0x00000138014a698e sp=0x0000000d2ecfdb20
Event: 266.310 Thread 0x0000013868e78300 DEOPT UNPACKING pc=0x00000138074a2b43 sp=0x0000000d2ecfcfe0 mode 0
Event: 288.656 Thread 0x0000013819ca46c0 Uncommon trap: trap_request=0xffffff45 fr.pc=0x00000138085ef0ac relative=0x00000000000003ec
Event: 288.656 Thread 0x0000013819ca46c0 Uncommon trap: reason=unstable_if action=reinterpret pc=0x00000138085ef0ac method=java.math.BigDecimal.<init>([CIILjava/math/MathContext;)V @ 47 c2
Event: 288.656 Thread 0x0000013819ca46c0 DEOPT PACKING pc=0x00000138085ef0ac sp=0x0000000d2e4f80f0
Event: 288.656 Thread 0x0000013819ca46c0 DEOPT UNPACKING pc=0x00000138074a23a3 sp=0x0000000d2e4f8038 mode 2
Event: 288.669 Thread 0x0000013819ca46c0 Uncommon trap: trap_request=0xffffffde fr.pc=0x0000013807eebfd4 relative=0x0000000000000154
Event: 288.669 Thread 0x0000013819ca46c0 Uncommon trap: reason=class_check action=maybe_recompile pc=0x0000013807eebfd4 method=java.lang.reflect.Array.newInstance(Ljava/lang/Class;I)Ljava/lang/Object; @ 2 c2
Event: 288.669 Thread 0x0000013819ca46c0 DEOPT PACKING pc=0x0000013807eebfd4 sp=0x0000000d2e4fa2d0
Event: 288.669 Thread 0x0000013819ca46c0 DEOPT UNPACKING pc=0x00000138074a23a3 sp=0x0000000d2e4fa268 mode 2
Event: 302.160 Thread 0x00000138684f6620 DEOPT PACKING pc=0x00000138001d7ad3 sp=0x0000000d2e6f8e70
Event: 302.160 Thread 0x00000138684f6620 DEOPT UNPACKING pc=0x00000138074a2b43 sp=0x0000000d2e6f8390 mode 0
Event: 327.015 Thread 0x0000013868e78300 DEOPT PACKING pc=0x0000013801737433 sp=0x0000000d2ecfb830
Event: 327.015 Thread 0x0000013868e78300 DEOPT UNPACKING pc=0x00000138074a2b43 sp=0x0000000d2ecfad10 mode 0

Classes unloaded (20 events):
Event: 7.974 Thread 0x000001387fbaaf60 Unloading class 0x000001381baec800 'jdk/internal/reflect/GeneratedSerializationConstructorAccessor20'
Event: 7.974 Thread 0x000001387fbaaf60 Unloading class 0x000001381baec400 'jdk/internal/reflect/GeneratedSerializationConstructorAccessor19'
Event: 7.974 Thread 0x000001387fbaaf60 Unloading class 0x000001381baec000 'jdk/internal/reflect/GeneratedSerializationConstructorAccessor18'
Event: 7.974 Thread 0x000001387fbaaf60 Unloading class 0x000001381bae5000 'jdk/internal/reflect/GeneratedSerializationConstructorAccessor17'
Event: 7.974 Thread 0x000001387fbaaf60 Unloading class 0x000001381bae4c00 'jdk/internal/reflect/GeneratedSerializationConstructorAccessor16'
Event: 7.974 Thread 0x000001387fbaaf60 Unloading class 0x000001381badd000 'jdk/internal/reflect/GeneratedSerializationConstructorAccessor15'
Event: 7.974 Thread 0x000001387fbaaf60 Unloading class 0x000001381badc000 'jdk/internal/reflect/GeneratedSerializationConstructorAccessor14'
Event: 7.974 Thread 0x000001387fbaaf60 Unloading class 0x000001381bac1800 'jdk/internal/reflect/GeneratedSerializationConstructorAccessor13'
Event: 7.974 Thread 0x000001387fbaaf60 Unloading class 0x000001381bac1400 'jdk/internal/reflect/GeneratedSerializationConstructorAccessor12'
Event: 7.974 Thread 0x000001387fbaaf60 Unloading class 0x000001381bac1000 'jdk/internal/reflect/GeneratedSerializationConstructorAccessor11'
Event: 7.974 Thread 0x000001387fbaaf60 Unloading class 0x000001381bac0c00 'jdk/internal/reflect/GeneratedSerializationConstructorAccessor10'
Event: 7.974 Thread 0x000001387fbaaf60 Unloading class 0x000001381bab9c00 'jdk/internal/reflect/GeneratedSerializationConstructorAccessor9'
Event: 7.974 Thread 0x000001387fbaaf60 Unloading class 0x000001381bab9400 'jdk/internal/reflect/GeneratedSerializationConstructorAccessor8'
Event: 7.974 Thread 0x000001387fbaaf60 Unloading class 0x000001381bab9000 'jdk/internal/reflect/GeneratedSerializationConstructorAccessor7'
Event: 7.974 Thread 0x000001387fbaaf60 Unloading class 0x000001381bab8c00 'jdk/internal/reflect/GeneratedSerializationConstructorAccessor6'
Event: 7.974 Thread 0x000001387fbaaf60 Unloading class 0x000001381bab8800 'jdk/internal/reflect/GeneratedSerializationConstructorAccessor5'
Event: 7.974 Thread 0x000001387fbaaf60 Unloading class 0x000001381bab8400 'jdk/internal/reflect/GeneratedSerializationConstructorAccessor4'
Event: 7.974 Thread 0x000001387fbaaf60 Unloading class 0x000001381bab8000 'jdk/internal/reflect/GeneratedSerializationConstructorAccessor3'
Event: 7.974 Thread 0x000001387fbaaf60 Unloading class 0x000001381baac400 'jdk/internal/reflect/GeneratedSerializationConstructorAccessor2'
Event: 7.974 Thread 0x000001387fbaaf60 Unloading class 0x000001381ba90c00 'jdk/internal/reflect/GeneratedSerializationConstructorAccessor1'

Classes redefined (0 events):
No events

Internal exceptions (20 events):
Event: 10.321 Thread 0x0000013819ca41b0 Exception <a 'java/lang/NoSuchMethodError'{0x000000061b5473f8}: 'java.lang.Object java.lang.invoke.DirectMethodHandle$Holder.invokeStatic(java.lang.Object, int, int)'> (0x000000061b5473f8) 
thrown [s\open\src\hotspot\share\interpreter\linkResolver.cpp, line 759]
Event: 10.323 Thread 0x0000013819ca41b0 Exception <a 'java/lang/NoSuchMethodError'{0x000000061b5724c0}: 'int java.lang.invoke.DirectMethodHandle$Holder.invokeVirtual(java.lang.Object, java.lang.Object, int)'> (0x000000061b5724c0) 
thrown [s\open\src\hotspot\share\interpreter\linkResolver.cpp, line 759]
Event: 10.323 Thread 0x0000013819ca41b0 Implicit null exception at 0x0000013808011e03 to 0x0000013808011f14
Event: 11.045 Thread 0x0000013819ca41b0 Exception <a 'java/lang/IncompatibleClassChangeError'{0x000000061afea568}: Found class java.lang.Object, but interface was expected> (0x000000061afea568) 
thrown [s\open\src\hotspot\share\interpreter\linkResolver.cpp, line 826]
Event: 11.068 Thread 0x0000013819ca41b0 Exception <a 'java/lang/IncompatibleClassChangeError'{0x000000061aa24cc0}: Found class java.lang.Object, but interface was expected> (0x000000061aa24cc0) 
thrown [s\open\src\hotspot\share\interpreter\linkResolver.cpp, line 826]
Event: 19.895 Thread 0x0000013868e77df0 Exception <a 'java/lang/NoSuchMethodError'{0x0000000636215678}: 'java.lang.Object java.lang.invoke.DirectMethodHandle$Holder.invokeStaticInit(java.lang.Object, java.lang.Object, java.lang.Object, int, int)'> (0x0000000636215678) 
thrown [s\open\src\hotspot\share\interpreter\linkResolver.cpp, line 759]
Event: 19.911 Thread 0x00000138621f78b0 Exception <a 'java/lang/NoSuchMethodError'{0x0000000635c70f10}: 'java.lang.Object java.lang.invoke.DirectMethodHandle$Holder.invokeSpecial(java.lang.Object, java.lang.Object, java.lang.Object, java.lang.Object, java.lang.Object, long)'> (0x0000000635c70f10) 
thrown [s\open\src\hotspot\share\interpreter\linkResolver.cpp, line 759]
Event: 19.911 Thread 0x00000138621f78b0 Exception <a 'java/lang/NoSuchMethodError'{0x0000000635c74908}: 'java.lang.Object java.lang.invoke.Invokers$Holder.linkToTargetMethod(java.lang.Object, java.lang.Object, java.lang.Object, long, java.lang.Object)'> (0x0000000635c74908) 
thrown [s\open\src\hotspot\share\interpreter\linkResolver.cpp, line 759]
Event: 19.998 Thread 0x00000138621f73a0 Exception <a 'java/lang/NoSuchMethodError'{0x00000006355d0938}: 'void java.lang.invoke.DirectMethodHandle$Holder.invokeSpecialIFC(java.lang.Object, java.lang.Object, int, java.lang.Object, java.lang.Object, java.lang.Object, java.lang.Object)'> (0x00000006355d0938) 
thrown [s\open\src\hotspot\share\interpreter\linkResolver.cpp, line 759]
Event: 20.043 Thread 0x00000138621f73a0 Implicit null exception at 0x0000013807e19f1a to 0x0000013807e1a704
Event: 20.052 Thread 0x00000138621f73a0 Implicit null exception at 0x00000138080a9cff to 0x00000138080aa310
Event: 25.806 Thread 0x0000013868e78300 Exception <a 'java/lang/IncompatibleClassChangeError'{0x000000062ef94448}: Found class java.lang.Object, but interface was expected> (0x000000062ef94448) 
thrown [s\open\src\hotspot\share\interpreter\linkResolver.cpp, line 826]
Event: 25.830 Thread 0x0000013868e78300 Exception <a 'java/lang/NoSuchMethodError'{0x000000062e840f20}: 'void java.lang.invoke.DirectMethodHandle$Holder.invokeStatic(java.lang.Object, java.lang.Object, java.lang.Object, java.lang.Object, java.lang.Object, java.lang.Object, java.lang.Object)'> (0x000000062e840f20) 
thrown [s\open\src\hotspot\share\interpreter\linkResolver.cpp, line 759]
Event: 26.056 Thread 0x0000013868e769b0 Exception <a 'java/lang/NoSuchMethodError'{0x000000062e4d4da0}: 'java.lang.Object java.lang.invoke.DirectMethodHandle$Holder.newInvokeSpecial(java.lang.Object, java.lang.Object, long, java.lang.Object, java.lang.Object, java.lang.Object)'> (0x000000062e4d4da0) 
thrown [s\open\src\hotspot\share\interpreter\linkResolver.cpp, line 759]
Event: 26.056 Thread 0x0000013868e769b0 Exception <a 'java/lang/NoSuchMethodError'{0x000000062e4dcbc0}: 'java.lang.Object java.lang.invoke.Invokers$Holder.linkToTargetMethod(java.lang.Object, long, java.lang.Object, java.lang.Object, java.lang.Object, java.lang.Object)'> (0x000000062e4dcbc0) 
thrown [s\open\src\hotspot\share\interpreter\linkResolver.cpp, line 759]
Event: 26.286 Thread 0x0000013868e78300 Exception <a 'java/lang/NoSuchMethodError'{0x000000062d90b628}: 'java.lang.Object java.lang.invoke.Invokers$Holder.linkToTargetMethod(java.lang.Object, int, java.lang.Object, java.lang.Object, java.lang.Object, java.lang.Object)'> (0x000000062d90b628) 
thrown [s\open\src\hotspot\share\interpreter\linkResolver.cpp, line 759]
Event: 26.287 Thread 0x0000013868e78300 Exception <a 'java/lang/NoSuchMethodError'{0x000000062d918050}: 'int java.lang.invoke.DirectMethodHandle$Holder.invokeStatic(java.lang.Object, java.lang.Object, int, java.lang.Object)'> (0x000000062d918050) 
thrown [s\open\src\hotspot\share\interpreter\linkResolver.cpp, line 759]
Event: 26.612 Thread 0x0000013868e78300 Implicit null exception at 0x0000013807cc96ad to 0x0000013807ccaf18
Event: 26.612 Thread 0x0000013868e78300 Exception <a 'java/lang/IncompatibleClassChangeError'{0x000000062d5ca390}: Found class java.lang.Object, but interface was expected> (0x000000062d5ca390) 
thrown [s\open\src\hotspot\share\interpreter\linkResolver.cpp, line 826]
Event: 26.616 Thread 0x0000013868e78300 Implicit null exception at 0x0000013807d649bf to 0x0000013807d650fc

VM Operations (20 events):
Event: 296.708 Executing VM operation: Cleanup
Event: 296.708 Executing VM operation: Cleanup done
Event: 300.665 Executing VM operation: HandshakeAllThreads
Event: 300.666 Executing VM operation: HandshakeAllThreads done
Event: 302.692 Executing VM operation: Cleanup
Event: 302.693 Executing VM operation: Cleanup done
Event: 306.719 Executing VM operation: Cleanup
Event: 306.719 Executing VM operation: Cleanup done
Event: 310.753 Executing VM operation: Cleanup
Event: 310.753 Executing VM operation: Cleanup done
Event: 325.898 Executing VM operation: Cleanup
Event: 325.898 Executing VM operation: Cleanup done
Event: 326.913 Executing VM operation: Cleanup
Event: 326.973 Executing VM operation: Cleanup done
Event: 327.149 Executing VM operation: HandshakeAllThreads
Event: 327.149 Executing VM operation: HandshakeAllThreads done
Event: 327.322 Executing VM operation: HandshakeAllThreads
Event: 327.322 Executing VM operation: HandshakeAllThreads done
Event: 328.324 Executing VM operation: Cleanup
Event: 328.324 Executing VM operation: Cleanup done

Events (20 events):
Event: 300.786 Thread 0x00000138667fc6e0 Thread exited: 0x00000138667fc6e0
Event: 302.248 Thread 0x00000138667ffc00 Thread added: 0x00000138667ffc00
Event: 302.248 Thread 0x00000138667fc6e0 Thread added: 0x00000138667fc6e0
Event: 302.251 Thread 0x0000013866802130 Thread added: 0x0000013866802130
Event: 302.259 Thread 0x0000013866800150 Thread added: 0x0000013866800150
Event: 305.782 Thread 0x00000138667fc6e0 Thread exited: 0x00000138667fc6e0
Event: 305.782 Thread 0x0000013866802130 Thread exited: 0x0000013866802130
Event: 305.782 Thread 0x0000013866800150 Thread exited: 0x0000013866800150
Event: 305.782 Thread 0x00000138667ffc00 Thread exited: 0x00000138667ffc00
Event: 325.790 Thread 0x0000013819ca41b0 Thread added: 0x0000013819ca41b0
Event: 325.954 Thread 0x00000138667ffc00 Thread added: 0x00000138667ffc00
Event: 325.954 Thread 0x0000013866800150 Thread added: 0x0000013866800150
Event: 325.954 Thread 0x00000138667fc6e0 Thread added: 0x00000138667fc6e0
Event: 327.096 Thread 0x0000013866802130 Thread added: 0x0000013866802130
Event: 327.150 Thread 0x0000013819b0c8e0 flushing nmethod 0x0000013807e19c90
Event: 327.157 Thread 0x0000013819b0c8e0 flushing nmethod 0x0000013800aab690
Event: 327.158 Thread 0x0000013819b0c8e0 flushing nmethod 0x0000013800c82810
Event: 327.158 Thread 0x0000013819b0c8e0 flushing nmethod 0x0000013800c97010
Event: 327.258 Thread 0x0000013866802130 Thread exited: 0x0000013866802130
Event: 327.379 Thread 0x00000138668006a0 Thread added: 0x00000138668006a0


Dynamic libraries:
0x00007ff7602d0000 - 0x00007ff7602e0000 	C:\Program Files\Java\jdk-17\bin\java.exe
0x00007ffed3c80000 - 0x00007ffed3ee8000 	C:\WINDOWS\SYSTEM32\ntdll.dll
0x00007ffed1e80000 - 0x00007ffed1f49000 	C:\WINDOWS\System32\KERNEL32.DLL
0x00007ffed10c0000 - 0x00007ffed14b2000 	C:\WINDOWS\System32\KERNELBASE.dll
0x00007ffed0f70000 - 0x00007ffed10bb000 	C:\WINDOWS\System32\ucrtbase.dll
0x00007ffecd820000 - 0x00007ffecd839000 	C:\Program Files\Java\jdk-17\bin\jli.dll
0x00007ffeb64c0000 - 0x00007ffeb64db000 	C:\Program Files\Java\jdk-17\bin\VCRUNTIME140.dll
0x00007ffed2100000 - 0x00007ffed21b4000 	C:\WINDOWS\System32\ADVAPI32.dll
0x00007ffed1d10000 - 0x00007ffed1db9000 	C:\WINDOWS\System32\msvcrt.dll
0x00007ffed3560000 - 0x00007ffed3606000 	C:\WINDOWS\System32\sechost.dll
0x00007ffed3760000 - 0x00007ffed3878000 	C:\WINDOWS\System32\RPCRT4.dll
0x00007ffed2ba0000 - 0x00007ffed2d65000 	C:\WINDOWS\System32\USER32.dll
0x00007ffed0f40000 - 0x00007ffed0f67000 	C:\WINDOWS\System32\win32u.dll
0x00007ffed1ce0000 - 0x00007ffed1d0b000 	C:\WINDOWS\System32\GDI32.dll
0x00007ffed0e10000 - 0x00007ffed0f3d000 	C:\WINDOWS\System32\gdi32full.dll
0x00007ffeb43f0000 - 0x00007ffeb4683000 	C:\WINDOWS\WinSxS\amd64_microsoft.windows.common-controls_6595b64144ccf1df_6.0.26100.6899_none_3e0efeeae32e88c1\COMCTL32.dll
0x00007ffed1910000 - 0x00007ffed19b3000 	C:\WINDOWS\System32\msvcp_win.dll
0x00007ffebeaa0000 - 0x00007ffebeaab000 	C:\WINDOWS\SYSTEM32\VERSION.dll
0x00007ffed3c00000 - 0x00007ffed3c2f000 	C:\WINDOWS\System32\IMM32.DLL
0x00007ffebbdd0000 - 0x00007ffebbddc000 	C:\Program Files\Java\jdk-17\bin\vcruntime140_1.dll
0x00007ffea6aa0000 - 0x00007ffea6b2e000 	C:\Program Files\Java\jdk-17\bin\msvcp140.dll
0x00007ffe37ba0000 - 0x00007ffe38780000 	C:\Program Files\Java\jdk-17\bin\server\jvm.dll
0x00007ffed20f0000 - 0x00007ffed20f8000 	C:\WINDOWS\System32\PSAPI.DLL
0x00007ffebbd00000 - 0x00007ffebbd0a000 	C:\WINDOWS\SYSTEM32\WSOCK32.dll
0x00007ffed34e0000 - 0x00007ffed3554000 	C:\WINDOWS\System32\WS2_32.dll
0x00007ffec74c0000 - 0x00007ffec74f5000 	C:\WINDOWS\SYSTEM32\WINMM.dll
0x00007ffecfba0000 - 0x00007ffecfbbb000 	C:\WINDOWS\SYSTEM32\kernel.appcore.dll
0x00007ffebaa30000 - 0x00007ffebaa3a000 	C:\Program Files\Java\jdk-17\bin\jimage.dll
0x00007ffece200000 - 0x00007ffece442000 	C:\WINDOWS\SYSTEM32\DBGHELP.DLL
0x00007ffed3880000 - 0x00007ffed3bfb000 	C:\WINDOWS\System32\combase.dll
0x00007ffed2ee0000 - 0x00007ffed2fb7000 	C:\WINDOWS\System32\OLEAUT32.dll
0x00007ffeb5480000 - 0x00007ffeb54bc000 	C:\WINDOWS\SYSTEM32\dbgcore.DLL
0x00007ffed17b0000 - 0x00007ffed1848000 	C:\WINDOWS\System32\bcryptPrimitives.dll
0x00007ffea7c60000 - 0x00007ffea7c85000 	C:\Program Files\Java\jdk-17\bin\java.dll
0x00007ffe67b80000 - 0x00007ffe67c57000 	C:\Program Files\Java\jdk-17\bin\jsvml.dll
0x00007ffed2450000 - 0x00007ffed2b9d000 	C:\WINDOWS\System32\SHELL32.dll
0x00007ffed14c0000 - 0x00007ffed162b000 	C:\WINDOWS\System32\wintypes.dll
0x00007ffecea40000 - 0x00007ffecf29d000 	C:\WINDOWS\SYSTEM32\windows.storage.dll
0x00007ffed3660000 - 0x00007ffed3752000 	C:\WINDOWS\System32\SHCORE.dll
0x00007ffed2fc0000 - 0x00007ffed3022000 	C:\WINDOWS\System32\shlwapi.dll
0x00007ffed0d30000 - 0x00007ffed0d59000 	C:\WINDOWS\SYSTEM32\profapi.dll
0x00007ffea7c40000 - 0x00007ffea7c59000 	C:\Program Files\Java\jdk-17\bin\net.dll
0x00007ffec9930000 - 0x00007ffec9a4f000 	C:\WINDOWS\SYSTEM32\WINHTTP.dll
0x00007ffed00f0000 - 0x00007ffed015b000 	C:\WINDOWS\system32\mswsock.dll
0x00007ffea7c20000 - 0x00007ffea7c36000 	C:\Program Files\Java\jdk-17\bin\nio.dll
0x00007ffeb5f40000 - 0x00007ffeb5f58000 	C:\Program Files\Java\jdk-17\bin\zip.dll
0x00007ffeb5960000 - 0x00007ffeb5970000 	C:\Program Files\Java\jdk-17\bin\verify.dll
0x00007ffeb4060000 - 0x00007ffeb406a000 	C:\Program Files\Java\jdk-17\bin\management.dll
0x00007ffeb4030000 - 0x00007ffeb403b000 	C:\Program Files\Java\jdk-17\bin\management_ext.dll
0x00007ffeb3b50000 - 0x00007ffeb3b5e000 	C:\Program Files\Java\jdk-17\bin\sunmscapi.dll
0x00007ffed1630000 - 0x00007ffed17a7000 	C:\WINDOWS\System32\CRYPT32.dll
0x00007ffed0620000 - 0x00007ffed0650000 	C:\WINDOWS\SYSTEM32\ncrypt.dll
0x00007ffed05d0000 - 0x00007ffed060f000 	C:\WINDOWS\SYSTEM32\NTASN1.dll
0x00007ffed04d0000 - 0x00007ffed04eb000 	C:\WINDOWS\SYSTEM32\CRYPTSP.dll
0x00007ffecfb00000 - 0x00007ffecfb3b000 	C:\WINDOWS\system32\rsaenh.dll
0x00007ffed0190000 - 0x00007ffed01bb000 	C:\WINDOWS\SYSTEM32\USERENV.dll
0x00007ffed0d00000 - 0x00007ffed0d26000 	C:\WINDOWS\SYSTEM32\bcrypt.dll
0x00007ffed0330000 - 0x00007ffed033c000 	C:\WINDOWS\SYSTEM32\CRYPTBASE.dll
0x00007ffecf5a0000 - 0x00007ffecf5d4000 	C:\WINDOWS\SYSTEM32\IPHLPAPI.DLL
0x00007ffed2ed0000 - 0x00007ffed2eda000 	C:\WINDOWS\System32\NSI.dll
0x00007ffec9890000 - 0x00007ffec98ae000 	C:\WINDOWS\SYSTEM32\dhcpcsvc6.DLL
0x00007ffec9860000 - 0x00007ffec9883000 	C:\WINDOWS\SYSTEM32\dhcpcsvc.DLL
0x00007ffecf5e0000 - 0x00007ffecf706000 	C:\WINDOWS\SYSTEM32\DNSAPI.dll
0x00007ffec7040000 - 0x00007ffec704b000 	C:\Windows\System32\rasadhlp.dll
0x00007ffec8dd0000 - 0x00007ffec8e56000 	C:\WINDOWS\System32\fwpuclnt.dll
0x00007ffeb11d0000 - 0x00007ffeb11d8000 	C:\WINDOWS\system32\wshunix.dll

dbghelp: loaded successfully - version: 4.0.5 - missing functions: none
symbol engine: initialized successfully - sym options: 0x614 - pdb path: .;C:\Program Files\Java\jdk-17\bin;C:\WINDOWS\SYSTEM32;C:\WINDOWS\WinSxS\amd64_microsoft.windows.common-controls_6595b64144ccf1df_6.0.26100.6899_none_3e0efeeae32e88c1;C:\Program Files\Java\jdk-17\bin\server

VM Arguments:
jvm_args: -Dfile.encoding=UTF-8 -Duser.country=KR -Duser.language=ko -Duser.variant 
java_command: com.boot.eumbank.EumbankApplication
java_class_path (initial): C:\Users\ict1\.gradle\.tmp\gradle-javaexec-classpath6119550292872585500.jar
Launcher Type: SUN_STANDARD

[Global flags]
     intx CICompilerCount                          = 12                                        {product} {ergonomic}
     uint ConcGCThreads                            = 5                                         {product} {ergonomic}
     uint G1ConcRefinementThreads                  = 18                                        {product} {ergonomic}
   size_t G1HeapRegionSize                         = 4194304                                   {product} {ergonomic}
    uintx GCDrainStackTargetSize                   = 64                                        {product} {ergonomic}
   size_t InitialHeapSize                          = 532676608                                 {product} {ergonomic}
   size_t MarkStackSize                            = 4194304                                   {product} {ergonomic}
   size_t MaxHeapSize                              = 8493465600                                {product} {ergonomic}
   size_t MaxNewSize                               = 5096079360                                {product} {ergonomic}
   size_t MinHeapDeltaBytes                        = 4194304                                   {product} {ergonomic}
   size_t MinHeapSize                              = 8388608                                   {product} {ergonomic}
    uintx NonNMethodCodeHeapSize                   = 7602480                                {pd product} {ergonomic}
    uintx NonProfiledCodeHeapSize                  = 122027880                              {pd product} {ergonomic}
    uintx ProfiledCodeHeapSize                     = 122027880                              {pd product} {ergonomic}
    uintx ReservedCodeCacheSize                    = 251658240                              {pd product} {ergonomic}
     bool SegmentedCodeCache                       = true                                      {product} {ergonomic}
   size_t SoftMaxHeapSize                          = 8493465600                             {manageable} {ergonomic}
     bool UseCompressedClassPointers               = true                           {product lp64_product} {ergonomic}
     bool UseCompressedOops                        = true                           {product lp64_product} {ergonomic}
     bool UseG1GC                                  = true                                      {product} {ergonomic}
     bool UseLargePagesIndividualAllocation        = false                                  {pd product} {ergonomic}

Logging:
Log output configuration:
 #0: stdout all=warning uptime,level,tags
 #1: stderr all=off uptime,level,tags

Environment Variables:
PATH=C:\oraclexe\app\oracle\product\11.2.0\server\bin;C:\Program Files\Common Files\Oracle\Java\javapath;C:\WINDOWS\system32;C:\WINDOWS;C:\WINDOWS\System32\Wbem;C:\WINDOWS\System32\WindowsPowerShell\v1.0\;C:\WINDOWS\System32\OpenSSH\;C:\Program Files\Java\jdk-17\bin;C:\Program Files\Bandizip\;C:\Program Files\Git\cmd;C:\ProgramData\chocolatey\bin;C:\Users\ict1\AppData\Roaming\npm;C:\Program Files\nodejs;C:\Program Files\PuTTY\;C:\Users\ict1\AppData\Local\Programs\Python\Launcher\;C:\Users\ict1\AppData\Local\Microsoft\WindowsApps;C:\Program Files\JetBrains\PyCharm 2025.2\bin;C:\Programs\Microsoft VS Code\bin;C:\Program Files\JetBrains\IntelliJ IDEA Community Edition 2025.2.4\bin
USERNAME=ict1
OS=Windows_NT
PROCESSOR_IDENTIFIER=Intel64 Family 6 Model 183 Stepping 1, GenuineIntel



---------------  S Y S T E M  ---------------

OS:
 Windows 11 , 64 bit Build 26100 (10.0.26100.6725)
OS uptime: 17 days 18:23 hours
Hyper-V role detected

CPU: total 24 (initial active 24) (12 cores per cpu, 2 threads per core) family 6 model 183 stepping 1 microcode 0x12b, cx8, cmov, fxsr, ht, mmx, 3dnowpref, sse, sse2, sse3, ssse3, sse4.1, sse4.2, popcnt, lzcnt, tsc, tscinvbit, avx, avx2, aes, erms, clmul, bmi1, bmi2, adx, sha, fma, vzeroupper, clflush, clflushopt, clwb, hv

Memory: 4k page, system-wide physical 32396M (12525M free)
TotalPageFile size 130700M (AvailPageFile size 60M)
current process WorkingSet (physical memory assigned to process): 1078M, peak: 1083M
current process commit charge ("private bytes"): 1152M, peak: 1236M

vm_info: Java HotSpot(TM) 64-Bit Server VM (17.0.12+8-LTS-286) for windows-amd64 JRE (17.0.12+8-LTS-286), built on Jun  5 2024 06:46:59 by "mach5one" with MS VC++ 17.6 (VS2022)

END.
